﻿[36mvite v6.2.2 [32mbuilding for production...[36m[39m
transforming...
[32mΓ£ô[39m 3 modules transformed.
node.exe : [31mΓ£ù[39m 
Build failed in 69ms
At C:\Program 
Files\nodejs\npx.ps1:29 
char:3
+   & $NODE_EXE 
$NPX_CLI_JS $args
+   ~~~~~~~~~~~~~~~~~~~~~~~
~~~~~~
    + CategoryInfo         
     : NotSpecified: ([3  
  1mΓ£ù[39m Build faile   
 d in 69ms:String) [],     
RemoteException
    + FullyQualifiedErrorI 
   d : NativeCommandError
 
[31merror during build:
[31mCould not resolve 
"./index.css" from 
"src/main.jsx"[31m
file: [36mC:/Users/mukun/D
ocuments/Mukunda Git/mukund
a_portfolio/src/main.jsx[3
1m
    at getRollupError (file
:///C:/Users/mukun/Document
s/Mukunda%20Git/mukunda_por
tfolio/node_modules/rollup/
dist/es/shared/parseAst.js:
397:41)
    at error (file:///C:/Us
ers/mukun/Documents/Mukunda
%20Git/mukunda_portfolio/no
de_modules/rollup/dist/es/s
hared/parseAst.js:393:42)
    at ModuleLoader.handleI
nvalidResolvedId (file:///C
:/Users/mukun/Documents/Muk
unda%20Git/mukunda_portfoli
o/node_modules/rollup/dist/
es/shared/node-entry.js:212
43:24)
    at file:///C:/Users/muk
un/Documents/Mukunda%20Git/
mukunda_portfolio/node_modu
les/rollup/dist/es/shared/n
ode-entry.js:21203:26[39m
